
> prompt-chaining-article-generator@1.0.0 test:e2e
> node --inspect --env-file .env --test tests/**/*e2e.test.ts

node.exe : (node:7204) 
Warning: Using the 
inspector with --test 
forces running at a 
concurrency of 1. Use the 
inspectPort option to run 
with concurrency
No linha:1 caractere:1
+ & "C:\Program 
Files\nodejs/node.exe" "C:
\Users\marce\AppData\Roami
ng\ ...
+ ~~~~~~~~~~~~~~~~~~~~~~~~
~~~~~~~~~~~~~~~~~~~~~~~~~~
~~~~~~~~~~~~~~~~~~~
    + CategoryInfo        
      : NotSpecified: ((  
  node:7204) War...ith    
 concurrency:String) [    
], RemoteException
    + FullyQualifiedError 
   Id : NativeCommandErr  
  or
 
(Use `node 
--trace-warnings ...` to 
show where the warning 
was created)
Starting inspector on 127.0.0.1:9229 failed: address already in use
­ƒöì Identifying intent...
ÔØî Error identifying intent 429 Rate limit exceeded: free-models-per-day. Add 10 credits to unlock 1000 free model requests per day

Troubleshooting URL: https://docs.langchain.com/oss/javascript/langchain/errors/MODEL_RATE_LIMIT/

­ƒÆ¼ Generating response message...
Schedule Success Response: {"messages":[{"lc":1,"type":"constructor","id":["langchain_core","messages","HumanMessage"],"kwargs":{"content":"Ol├í, sou Maria Santos e quero agendar uma consulta com Dr. Alicio da Silva Dr. Alicio da Silva para amanh├ú ├ás 16h para um check-up regular","additional_kwargs":{},"response_metadata":{},"id":"1fb78ea0-66b8-4db9-b4d1-d416e257fc36"}}],"intent":"unknown","error":"429 Rate limit exceeded: free-models-per-day. Add 10 credits to unlock 1000 free model requests per day\n\nTroubleshooting URL: https://docs.langchain.com/oss/javascript/langchain/errors/MODEL_RATE_LIMIT/\n"}
ÔûÂ Medical Appointment System - E2E Tests
  Ô£û Schedule appointment - Success (99551.9306ms)
­ƒöì Identifying intent...
ÔØî Error identifying intent 429 Rate limit exceeded: free-models-per-day. Add 10 credits to unlock 1000 free model requests per day

Troubleshooting URL: https://docs.langchain.com/oss/javascript/langchain/errors/MODEL_RATE_LIMIT/

­ƒÆ¼ Generating response message...
­ƒöì Identifying intent...
ÔØî Error identifying intent 429 Rate limit exceeded: free-models-per-day. Add 10 credits to unlock 1000 free model requests per day

Troubleshooting URL: https://docs.langchain.com/oss/javascript/langchain/errors/MODEL_RATE_LIMIT/

­ƒÆ¼ Generating response message...
Cancel Success Response: {"messages":[{"lc":1,"type":"constructor","id":["langchain_core","messages","HumanMessage"],"kwargs":{"content":"Cancele minha consulta com Dra. Ana Pereira que tenho hoje ├ás 14h, me chamo Joao da Silva","additional_kwargs":{},"response_metadata":{},"id":"0f419543-f733-43a0-bf11-0acc4d2934a5"}}],"intent":"unknown","error":"429 Rate limit exceeded: free-models-per-day. Add 10 credits to unlock 1000 free model requests per day\n\nTroubleshooting URL: https://docs.langchain.com/oss/javascript/langchain/errors/MODEL_RATE_LIMIT/\n"}
  Ô£û Cancel appointment - Success (203316.8941ms)
Ô£û Medical Appointment System - E2E Tests (302870.5022ms)
Ôä╣ tests 2
Ôä╣ suites 1
Ôä╣ pass 0
Ôä╣ fail 2
Ôä╣ cancelled 0
Ôä╣ skipped 0
Ôä╣ todo 0
Ôä╣ duration_ms 304104.713

Ô£û failing tests:

test at tests\router.e2e.test.ts:23:5
Ô£û Schedule appointment - Success (99551.9306ms)
  AssertionError [ERR_ASSERTION]: Expected values to be strictly equal:
  + actual - expected
  
  + 'unknown'
  - 'schedule'
  
      at TestContext.<anonymous> (file:///C:/Users/marce/OneDrive/Documentos/engenharia-de-software-com-ia-aplicada/modulo02-integracao-apis-llms/03-medical-appointment-template/tests/router.e2e.test.ts:32:16)
      at process.processTicksAndRejections (node:internal/process/task_queues:104:5)
      at async Test.run (node:internal/test_runner/test:1125:7)
      at async Promise.all (index 0)
      at async Suite.run (node:internal/test_runner/test:1533:7)
      at async startSubtestAfterBootstrap (node:internal/test_runner/harness:358:3) {
    generatedMessage: true,
    code: 'ERR_ASSERTION',
    actual: 'unknown',
    expected: 'schedule',
    operator: 'strictEqual',
    diff: 'simple'
  }

test at tests\router.e2e.test.ts:37:5
Ô£û Cancel appointment - Success (203316.8941ms)
  AssertionError [ERR_ASSERTION]: Expected values to be strictly equal:
  + actual - expected
  
  + 'unknown'
  - 'cancel'
  
      at TestContext.<anonymous> (file:///C:/Users/marce/OneDrive/Documentos/engenharia-de-software-com-ia-aplicada/modulo02-integracao-apis-llms/03-medical-appointment-template/tests/router.e2e.test.ts:51:16)
      at process.processTicksAndRejections (node:internal/process/task_queues:104:5)
      at async Test.run (node:internal/test_runner/test:1125:7)
      at async Suite.processPendingSubtests (node:internal/test_runner/test:787:7) {
    generatedMessage: true,
    code: 'ERR_ASSERTION',
    actual: 'unknown',
    expected: 'cancel',
    operator: 'strictEqual',
    diff: 'simple'
  }
